EDA Netlist Writer report for x72
Thu Oct 08 20:10:48 2026
Quartus Prime Version 18.1.0 Build 625 09/12/2018 SJ Lite Edition


---------------------
; Table of Contents ;
---------------------
  1. Legal Notice
  2. EDA Netlist Writer Summary
  3. Simulation Settings
  4. Simulation Generated Files
  5. Board-Level Settings
  6. Board-Level Generated Files
  7. EDA Netlist Writer Messages



----------------
; Legal Notice ;
----------------
Copyright (C) 2018  Intel Corporation. All rights reserved.
Your use of Intel Corporation's design tools, logic functions 
and other software and tools, and its AMPP partner logic 
functions, and any output files from any of the foregoing 
(including device programming or simulation files), and any 
associated documentation or information are expressly subject 
to the terms and conditions of the Intel Program License 
Subscription Agreement, the Intel Quartus Prime License Agreement,
the Intel FPGA IP License Agreement, or other applicable license
agreement, including, without limitation, that your use is for
the sole purpose of programming logic devices manufactured by
Intel and sold by Intel or its authorized distributors.  Please
refer to the applicable agreement for further details.



+------------------------------------------------------------------------------+
; EDA Netlist Writer Summary                                                   ;
+--------------------------------------+---------------------------------------+
; EDA Netlist Writer Status            ; Successful - Thu Oct 08 20:10:47 2026 ;
; Revision Name                        ; x72                                   ;
; Top-level Entity Name                ; proc_extension_top_lvl                ;
; Family                               ; MAX 10                                ;
; Simulation Files Creation            ; Successful                            ;
; Board Timing Analysis Files Creation ; Successful                            ;
+--------------------------------------+---------------------------------------+


+-------------------------------------------------------------------------------------------------------------------------------+
; Simulation Settings                                                                                                           ;
+---------------------------------------------------------------------------------------------------+---------------------------+
; Option                                                                                            ; Setting                   ;
+---------------------------------------------------------------------------------------------------+---------------------------+
; Tool Name                                                                                         ; ModelSim-Altera (Verilog) ;
; Generate functional simulation netlist                                                            ; Off                       ;
; Time scale                                                                                        ; 1 ps                      ;
; Truncate long hierarchy paths                                                                     ; Off                       ;
; Map illegal HDL characters                                                                        ; Off                       ;
; Flatten buses into individual nodes                                                               ; Off                       ;
; Maintain hierarchy                                                                                ; Off                       ;
; Bring out device-wide set/reset signals as ports                                                  ; Off                       ;
; Enable glitch filtering                                                                           ; Off                       ;
; Do not write top level VHDL entity                                                                ; Off                       ;
; Disable detection of setup and hold time violations in the input registers of bi-directional pins ; Off                       ;
; Architecture name in VHDL output netlist                                                          ; structure                 ;
; Generate third-party EDA tool command script for RTL functional simulation                        ; Off                       ;
; Generate third-party EDA tool command script for gate-level simulation                            ; Off                       ;
+---------------------------------------------------------------------------------------------------+---------------------------+


+-------------------------------------------------------------------------------------+
; Simulation Generated Files                                                          ;
+-------------------------------------------------------------------------------------+
; Generated Files                                                                     ;
+-------------------------------------------------------------------------------------+
; C:/Users/tcolo/Downloads/2072quartus/x72/ECE2072-Project/simulation/modelsim/x72.vo ;
+-------------------------------------------------------------------------------------+


+----------------------------------------+
; Board-Level Settings                   ;
+------------------------------+---------+
; Option                       ; Setting ;
+------------------------------+---------+
; Board Timing Analysis Format ; STAMP   ;
+------------------------------+---------+


+------------------------------------------------------------------------------------------------------------------------------------------------------------------------------------+
; Board-Level Generated Files                                                                                                                                                        ;
+------------------------------------------------------------------------------------------------------------------------------------------------------------------------------------+
; Generated Files                                                                                                                                                                    ;
+------------------------------------------------------------------------------------------------------------------------------------------------------------------------------------+
; Board Timing Analysis                                                                                                                                                              ;
;     C:/Users/tcolo/Downloads/2072quartus/x72/ECE2072-Project/timing/stamp/C:/Users/tcolo/Downloads/2072quartus/x72/ECE2072-Project/timing/stamp//x72_7_1200mv_85c_board_slow.mod   ;
;     C:/Users/tcolo/Downloads/2072quartus/x72/ECE2072-Project/timing/stamp/C:/Users/tcolo/Downloads/2072quartus/x72/ECE2072-Project/timing/stamp//x72_7_1200mv_85c_board_slow.data  ;
;     C:/Users/tcolo/Downloads/2072quartus/x72/ECE2072-Project/timing/stamp/C:/Users/tcolo/Downloads/2072quartus/x72/ECE2072-Project/timing/stamp//x72_7_1200mv_0c_board_slow.mod    ;
;     C:/Users/tcolo/Downloads/2072quartus/x72/ECE2072-Project/timing/stamp/C:/Users/tcolo/Downloads/2072quartus/x72/ECE2072-Project/timing/stamp//x72_7_1200mv_0c_board_slow.data   ;
;     C:/Users/tcolo/Downloads/2072quartus/x72/ECE2072-Project/timing/stamp/C:/Users/tcolo/Downloads/2072quartus/x72/ECE2072-Project/timing/stamp//x72_min_1200mv_0c_board_fast.mod  ;
;     C:/Users/tcolo/Downloads/2072quartus/x72/ECE2072-Project/timing/stamp/C:/Users/tcolo/Downloads/2072quartus/x72/ECE2072-Project/timing/stamp//x72_min_1200mv_0c_board_fast.data ;
;     C:/Users/tcolo/Downloads/2072quartus/x72/ECE2072-Project/timing/stamp/C:/Users/tcolo/Downloads/2072quartus/x72/ECE2072-Project/timing/stamp//x72_board.mod                     ;
;     C:/Users/tcolo/Downloads/2072quartus/x72/ECE2072-Project/timing/stamp/C:/Users/tcolo/Downloads/2072quartus/x72/ECE2072-Project/timing/stamp//x72_board.data                    ;
+------------------------------------------------------------------------------------------------------------------------------------------------------------------------------------+


+-----------------------------+
; EDA Netlist Writer Messages ;
+-----------------------------+
Info: *******************************************************************
Info: Running Quartus Prime EDA Netlist Writer
    Info: Version 18.1.0 Build 625 09/12/2018 SJ Lite Edition
    Info: Processing started: Thu Oct 08 20:10:46 2026
Info: Command: quartus_eda --read_settings_files=off --write_settings_files=off x72 -c x72
Warning (18236): Number of processors has not been specified which may cause overloading on shared machines.  Set the global assignment NUM_PARALLEL_PROCESSORS in your QSF to an appropriate value for best performance.
Warning (10905): Generated the EDA functional simulation netlist because it is the only supported netlist type for this device.
Info (204019): Generated file x72.vo in folder "C:/Users/tcolo/Downloads/2072quartus/x72/ECE2072-Project/simulation/modelsim/" for EDA simulation tool
Info (199047): Generated files "C:/Users/tcolo/Downloads/2072quartus/x72/ECE2072-Project/timing/stamp//x72_7_1200mv_85c_board_slow.mod" and "C:/Users/tcolo/Downloads/2072quartus/x72/ECE2072-Project/timing/stamp//x72_7_1200mv_85c_board_slow.data"
Info (199047): Generated files "C:/Users/tcolo/Downloads/2072quartus/x72/ECE2072-Project/timing/stamp//x72_7_1200mv_0c_board_slow.mod" and "C:/Users/tcolo/Downloads/2072quartus/x72/ECE2072-Project/timing/stamp//x72_7_1200mv_0c_board_slow.data"
Info (199047): Generated files "C:/Users/tcolo/Downloads/2072quartus/x72/ECE2072-Project/timing/stamp//x72_min_1200mv_0c_board_fast.mod" and "C:/Users/tcolo/Downloads/2072quartus/x72/ECE2072-Project/timing/stamp//x72_min_1200mv_0c_board_fast.data"
Info (199047): Generated files "C:/Users/tcolo/Downloads/2072quartus/x72/ECE2072-Project/timing/stamp//x72_board.mod" and "C:/Users/tcolo/Downloads/2072quartus/x72/ECE2072-Project/timing/stamp//x72_board.data"
Info: Quartus Prime EDA Netlist Writer was successful. 0 errors, 3 warnings
    Info: Peak virtual memory: 4668 megabytes
    Info: Processing ended: Thu Oct 08 20:10:48 2026
    Info: Elapsed time: 00:00:02
    Info: Total CPU time (on all processors): 00:00:01


