Flow report for x72
Thu Oct 08 20:10:48 2026
Quartus Prime Version 18.1.0 Build 625 09/12/2018 SJ Lite Edition


---------------------
; Table of Contents ;
---------------------
  1. Legal Notice
  2. Flow Summary
  3. Flow Settings
  4. Flow Non-Default Global Settings
  5. Flow Elapsed Time
  6. Flow OS Summary
  7. Flow Log
  8. Flow Messages
  9. Flow Suppressed Messages



----------------
; Legal Notice ;
----------------
Copyright (C) 2018  Intel Corporation. All rights reserved.
Your use of Intel Corporation's design tools, logic functions 
and other software and tools, and its AMPP partner logic 
functions, and any output files from any of the foregoing 
(including device programming or simulation files), and any 
associated documentation or information are expressly subject 
to the terms and conditions of the Intel Program License 
Subscription Agreement, the Intel Quartus Prime License Agreement,
the Intel FPGA IP License Agreement, or other applicable license
agreement, including, without limitation, that your use is for
the sole purpose of programming logic devices manufactured by
Intel and sold by Intel or its authorized distributors.  Please
refer to the applicable agreement for further details.



+----------------------------------------------------------------------------------+
; Flow Summary                                                                     ;
+------------------------------------+---------------------------------------------+
; Flow Status                        ; Successful - Thu Oct 08 20:10:47 2026       ;
; Quartus Prime Version              ; 18.1.0 Build 625 09/12/2018 SJ Lite Edition ;
; Revision Name                      ; x72                                         ;
; Top-level Entity Name              ; proc_extension_top_lvl                      ;
; Family                             ; MAX 10                                      ;
; Device                             ; 10M50DAF484C7G                              ;
; Timing Models                      ; Final                                       ;
; Total logic elements               ; 1,103 / 49,760 ( 2 % )                      ;
;     Total combinational functions  ; 1,044 / 49,760 ( 2 % )                      ;
;     Dedicated logic registers      ; 189 / 49,760 ( < 1 % )                      ;
; Total registers                    ; 189                                         ;
; Total pins                         ; 70 / 360 ( 19 % )                           ;
; Total virtual pins                 ; 0                                           ;
; Total memory bits                  ; 0 / 1,677,312 ( 0 % )                       ;
; Embedded Multiplier 9-bit elements ; 2 / 288 ( < 1 % )                           ;
; Total PLLs                         ; 0 / 4 ( 0 % )                               ;
; UFM blocks                         ; 0 / 1 ( 0 % )                               ;
; ADC blocks                         ; 0 / 2 ( 0 % )                               ;
+------------------------------------+---------------------------------------------+


+-----------------------------------------+
; Flow Settings                           ;
+-------------------+---------------------+
; Option            ; Setting             ;
+-------------------+---------------------+
; Start date & time ; 10/08/2026 20:10:01 ;
; Main task         ; Compilation         ;
; Revision Name     ; x72                 ;
+-------------------+---------------------+


+--------------------------------------------------------------------------------------------------------------------------------------------------+
; Flow Non-Default Global Settings                                                                                                                 ;
+--------------------------------------+----------------------------------------+---------------+------------------------+-------------------------+
; Assignment Name                      ; Value                                  ; Default Value ; Entity Name            ; Section Id              ;
+--------------------------------------+----------------------------------------+---------------+------------------------+-------------------------+
; COMPILER_SIGNATURE_ID                ; 234025582838397.179145060103972        ; --            ; --                     ; --                      ;
; EDA_BOARD_DESIGN_TIMING_TOOL         ; Stamp (Timing)                         ; <None>        ; --                     ; --                      ;
; EDA_DESIGN_INSTANCE_NAME             ; NA                                     ; --            ; --                     ; components_tb           ;
; EDA_DESIGN_INSTANCE_NAME             ; NA                                     ; --            ; --                     ; proc_tb                 ;
; EDA_NATIVELINK_SIMULATION_TEST_BENCH ; proc_tb                                ; --            ; --                     ; eda_simulation          ;
; EDA_OUTPUT_DATA_FORMAT               ; Stamp                                  ; --            ; --                     ; eda_board_design_timing ;
; EDA_OUTPUT_DATA_FORMAT               ; Verilog Hdl                            ; --            ; --                     ; eda_simulation          ;
; EDA_SIMULATION_TOOL                  ; ModelSim-Altera (Verilog)              ; <None>        ; --                     ; --                      ;
; EDA_TEST_BENCH_ENABLE_STATUS         ; TEST_BENCH_MODE                        ; --            ; --                     ; eda_simulation          ;
; EDA_TEST_BENCH_FILE                  ; components_tb.v                        ; --            ; --                     ; components_tb           ;
; EDA_TEST_BENCH_FILE                  ; proc_tb.v                              ; --            ; --                     ; proc_tb                 ;
; EDA_TEST_BENCH_FILE                  ; components.v                           ; --            ; --                     ; proc_tb                 ;
; EDA_TEST_BENCH_FILE                  ; proc.v                                 ; --            ; --                     ; proc_tb                 ;
; EDA_TEST_BENCH_MODULE_NAME           ; components_tb                          ; --            ; --                     ; components_tb           ;
; EDA_TEST_BENCH_MODULE_NAME           ; proc_tb                                ; --            ; --                     ; proc_tb                 ;
; EDA_TEST_BENCH_NAME                  ; components_tb                          ; --            ; --                     ; eda_simulation          ;
; EDA_TEST_BENCH_NAME                  ; proc_tb                                ; --            ; --                     ; eda_simulation          ;
; EDA_TIME_SCALE                       ; 1 ps                                   ; --            ; --                     ; eda_simulation          ;
; MAX_CORE_JUNCTION_TEMP               ; 85                                     ; --            ; --                     ; --                      ;
; MIN_CORE_JUNCTION_TEMP               ; 0                                      ; --            ; --                     ; --                      ;
; MISC_FILE                            ; display_divide_bb.v                    ; --            ; --                     ; --                      ;
; PARTITION_COLOR                      ; -- (Not supported for targeted family) ; --            ; proc_extension_top_lvl ; Top                     ;
; PARTITION_FITTER_PRESERVATION_LEVEL  ; -- (Not supported for targeted family) ; --            ; proc_extension_top_lvl ; Top                     ;
; PARTITION_NETLIST_TYPE               ; -- (Not supported for targeted family) ; --            ; proc_extension_top_lvl ; Top                     ;
; POWER_BOARD_THERMAL_MODEL            ; None (CONSERVATIVE)                    ; --            ; --                     ; --                      ;
; POWER_PRESET_COOLING_SOLUTION        ; 23 MM HEAT SINK WITH 200 LFPM AIRFLOW  ; --            ; --                     ; --                      ;
; PROJECT_OUTPUT_DIRECTORY             ; output_files                           ; --            ; --                     ; --                      ;
; TOP_LEVEL_ENTITY                     ; proc_extension_top_lvl                 ; x72           ; --                     ; --                      ;
+--------------------------------------+----------------------------------------+---------------+------------------------+-------------------------+


+--------------------------------------------------------------------------------------------------------------------------+
; Flow Elapsed Time                                                                                                        ;
+----------------------+--------------+-------------------------+---------------------+------------------------------------+
; Module Name          ; Elapsed Time ; Average Processors Used ; Peak Virtual Memory ; Total CPU Time (on all processors) ;
+----------------------+--------------+-------------------------+---------------------+------------------------------------+
; Analysis & Synthesis ; 00:00:17     ; 1.0                     ; 4851 MB             ; 00:00:28                           ;
; Fitter               ; 00:00:15     ; 1.4                     ; 6271 MB             ; 00:00:27                           ;
; Assembler            ; 00:00:04     ; 1.0                     ; 4694 MB             ; 00:00:03                           ;
; Timing Analyzer      ; 00:00:04     ; 2.0                     ; 4939 MB             ; 00:00:05                           ;
; EDA Netlist Writer   ; 00:00:01     ; 1.0                     ; 4668 MB             ; 00:00:01                           ;
; Total                ; 00:00:41     ; --                      ; --                  ; 00:01:04                           ;
+----------------------+--------------+-------------------------+---------------------+------------------------------------+


+------------------------------------------------------------------------------------+
; Flow OS Summary                                                                    ;
+----------------------+------------------+------------+------------+----------------+
; Module Name          ; Machine Hostname ; OS Name    ; OS Version ; Processor type ;
+----------------------+------------------+------------+------------+----------------+
; Analysis & Synthesis ; Tev              ; Windows 10 ; 10.0       ; x86_64         ;
; Fitter               ; Tev              ; Windows 10 ; 10.0       ; x86_64         ;
; Assembler            ; Tev              ; Windows 10 ; 10.0       ; x86_64         ;
; Timing Analyzer      ; Tev              ; Windows 10 ; 10.0       ; x86_64         ;
; EDA Netlist Writer   ; Tev              ; Windows 10 ; 10.0       ; x86_64         ;
+----------------------+------------------+------------+------------+----------------+


------------
; Flow Log ;
------------
quartus_map --read_settings_files=on --write_settings_files=off x72 -c x72
quartus_fit --read_settings_files=off --write_settings_files=off x72 -c x72
quartus_asm --read_settings_files=off --write_settings_files=off x72 -c x72
quartus_sta x72 -c x72
quartus_eda --read_settings_files=off --write_settings_files=off x72 -c x72



